=== Correlated-rater sweep (alpha=0.75, n_raters=9) ===
rho=0.00  acc=0.673±0.008  syco=0.328±0.015
rho=0.25  acc=0.675±0.011  syco=0.323±0.017
rho=0.50  acc=0.672±0.009  syco=0.326±0.017
rho=0.75  acc=0.665±0.009  syco=0.333±0.013
rho=1.00  acc=0.654±0.015  syco=0.345±0.017

=== Significance tests ===
alpha_0.5_vs_0.75_acc {'t': 5.610896044340055, 'df': 52.10058272843958, 'p': 7.826845213980294e-07, 'mean_diff': 0.020266666666666544}
nraters_1_vs_3_acc {'t': -5.639021001085709, 'df': 57.99484404504356, 'p': 5.322724622587064e-07, 'mean_diff': -0.015800000000000147}
nraters_9_vs_oracle_acc {'t': -0.6318156811950257, 'df': 55.291702489293904, 'p': 0.5301110940076981, 'mean_diff': -0.0015999999999997128}
alpha_0.5_vs_0.75_syco {'t': 5.025448077313045, 'df': 53.78897970217342, 'p': 5.9011802594087e-06, 'mean_diff': 0.022354845419981173}
rho_0.0_vs_single_rater_acc {'t': 7.42615492327928, 'df': 53.80476400551375, 'p': 8.545385159994986e-10, 'mean_diff': 0.018483333333333296}
rho_0.5_vs_single_rater_acc {'t': 6.8375688774678265, 'df': 56.341955849706316, 'p': 6.2460780808930644e-09, 'mean_diff': 0.017783333333333373}
rho_1.0_vs_single_rater_acc {'t': -0.17082368090434666, 'df': 52.59986075105031, 'p': 0.8650178295276008, 'mean_diff': -0.0005833333333333801}

=== Hyperparam sensitivity (15 seeds each) ===
K2_eps0.02_a0.5 0.668±0.010
K2_eps0.02_a0.75 0.652±0.019
K2_eps0.05_a0.5 0.668±0.010
K2_eps0.05_a0.75 0.652±0.019
K2_eps0.15_a0.5 0.668±0.010
K2_eps0.15_a0.75 0.655±0.018
K4_eps0.02_a0.5 0.669±0.008
K4_eps0.02_a0.75 0.658±0.013
K4_eps0.05_a0.5 0.669±0.008
K4_eps0.05_a0.75 0.658±0.013
K4_eps0.15_a0.5 0.669±0.008
K4_eps0.15_a0.75 0.660±0.012
K8_eps0.02_a0.5 0.672±0.008
K8_eps0.02_a0.75 0.648±0.013
K8_eps0.05_a0.5 0.672±0.008
K8_eps0.05_a0.75 0.648±0.013
K8_eps0.15_a0.5 0.672±0.008
K8_eps0.15_a0.75 0.649±0.012

Total runtime: 20.9s
